// Jest Snapshot v1, https://goo.gl/fbAQLP

exports[`the Button component renders correctly with required and optional props 1`] = `
<button
  class="button test-class button--dark-green button--solid button--around"
  type="button"
>
  <div
    class="typography button__content typography--size-20"
    data-testid="typography-item"
  >
    test content
  </div>
</button>
`;
