// Jest Snapshot v1, https://goo.gl/fbAQLP

exports[`the Button component renders correctly with required and optional props 1`] = `
<button
  class="button button--solid-blue button--around test-class"
  type="button"
>
  <span
    class="typography typography--size-20 typography--line-height-normal button__content"
    data-testid="typography-item"
  >
    test content
  </span>
</button>
`;
