// Jest Snapshot v1, https://goo.gl/fbAQLP

exports[`the Button component renders correctly with required and optional props 1`] = `
<button
  class="button test-class button--solid-blue button--around"
  type="button"
>
  <span
    class="typography button__content typography--size-20"
    data-testid="typography-item"
  >
    test content
  </span>
</button>
`;
