// Jest Snapshot v1, https://goo.gl/fbAQLP

exports[`Typography component renders correctly with required and optional props 1`] = `
<h1
  class="typography testClass typography--size-8 typography--padding-top-xl typography--padding-right-xl typography--padding-bottom-xl typography--padding-left-xl typography--align-center typography--line-height-big typography--bold typography--italic"
  data-testid="typography-item"
>
  Test Lorem Ipsum
</h1>
`;
